#-----------------------------------------------------------
# Vivado v2016.4 (64-bit)
# SW Build 1756540 on Mon Jan 23 19:11:23 MST 2017
# IP Build 1755317 on Mon Jan 23 20:30:07 MST 2017
# Start of session at: Thu Apr 27 13:04:57 2017
# Process ID: 1884
# Current directory: C:/Users/zenbookx/Documents/Facultate/An II/Semestrul II/CA/TudoricaAndrei/TudoricaAndrei/test_env
# Command line: vivado.exe -gui_launcher_event rodinguilauncherevent8640 C:\Users\zenbookx\Documents\Facultate\An II\Semestrul II\CA\TudoricaAndrei\TudoricaAndrei\test_env\test_env.xpr
# Log file: C:/Users/zenbookx/Documents/Facultate/An II/Semestrul II/CA/TudoricaAndrei/TudoricaAndrei/test_env/vivado.log
# Journal file: C:/Users/zenbookx/Documents/Facultate/An II/Semestrul II/CA/TudoricaAndrei/TudoricaAndrei/test_env\vivado.jou
#-----------------------------------------------------------
start_gui
open_project {C:/Users/zenbookx/Documents/Facultate/An II/Semestrul II/CA/TudoricaAndrei/TudoricaAndrei/test_env/test_env.xpr}
reset_run impl_1 -prev_step 
launch_runs impl_1 -to_step write_bitstream -jobs 2
wait_on_run impl_1
reset_run synth_1
launch_runs impl_1 -to_step write_bitstream -jobs 2
wait_on_run impl_1
reset_run synth_1
launch_runs impl_1 -to_step write_bitstream -jobs 2
wait_on_run impl_1
reset_run synth_1
launch_runs impl_1 -to_step write_bitstream -jobs 2
wait_on_run impl_1
reset_run synth_1
launch_runs synth_1 -jobs 2
wait_on_run synth_1
reset_run synth_1
launch_runs synth_1 -jobs 2
wait_on_run synth_1
launch_runs impl_1 -jobs 2
wait_on_run impl_1
launch_runs impl_1 -to_step write_bitstream -jobs 2
wait_on_run impl_1
open_hw
connect_hw_server
open_hw_target
set_property PROGRAM.FILE {C:/Users/zenbookx/Documents/Facultate/An II/Semestrul II/CA/TudoricaAndrei/TudoricaAndrei/test_env/test_env.runs/impl_1/test_env.bit} [lindex [get_hw_devices xc7a35t_0] 0]
current_hw_device [lindex [get_hw_devices xc7a35t_0] 0]
refresh_hw_device -update_hw_probes false [lindex [get_hw_devices xc7a35t_0] 0]
set_property PROBES.FILE {} [lindex [get_hw_devices xc7a35t_0] 0]
set_property PROGRAM.FILE {C:/Users/zenbookx/Documents/Facultate/An II/Semestrul II/CA/TudoricaAndrei/TudoricaAndrei/test_env/test_env.runs/impl_1/test_env.bit} [lindex [get_hw_devices xc7a35t_0] 0]
program_hw_devices [lindex [get_hw_devices xc7a35t_0] 0]
refresh_hw_device [lindex [get_hw_devices xc7a35t_0] 0]
reset_run synth_1
launch_runs impl_1 -to_step write_bitstream -jobs 2
wait_on_run impl_1
set_property PROBES.FILE {} [lindex [get_hw_devices xc7a35t_0] 0]
set_property PROGRAM.FILE {C:/Users/zenbookx/Documents/Facultate/An II/Semestrul II/CA/TudoricaAndrei/TudoricaAndrei/test_env/test_env.runs/impl_1/test_env.bit} [lindex [get_hw_devices xc7a35t_0] 0]
program_hw_devices [lindex [get_hw_devices xc7a35t_0] 0]
refresh_hw_device [lindex [get_hw_devices xc7a35t_0] 0]
reset_run synth_1
launch_runs impl_1 -to_step write_bitstream -jobs 2
wait_on_run impl_1
set_property PROBES.FILE {} [lindex [get_hw_devices xc7a35t_0] 0]
set_property PROGRAM.FILE {C:/Users/zenbookx/Documents/Facultate/An II/Semestrul II/CA/TudoricaAndrei/TudoricaAndrei/test_env/test_env.runs/impl_1/test_env.bit} [lindex [get_hw_devices xc7a35t_0] 0]
program_hw_devices [lindex [get_hw_devices xc7a35t_0] 0]
refresh_hw_device [lindex [get_hw_devices xc7a35t_0] 0]
reset_run synth_1
launch_runs impl_1 -to_step write_bitstream -jobs 2
wait_on_run impl_1
set_property PROBES.FILE {} [lindex [get_hw_devices xc7a35t_0] 0]
set_property PROGRAM.FILE {C:/Users/zenbookx/Documents/Facultate/An II/Semestrul II/CA/TudoricaAndrei/TudoricaAndrei/test_env/test_env.runs/impl_1/test_env.bit} [lindex [get_hw_devices xc7a35t_0] 0]
program_hw_devices [lindex [get_hw_devices xc7a35t_0] 0]
refresh_hw_device [lindex [get_hw_devices xc7a35t_0] 0]
